// Jest Snapshot v1, https://goo.gl/fbAQLP

exports[`MenuListView component should render MenuItemView component 1`] = `""`;
