// Jest Snapshot v1, https://goo.gl/fbAQLP

exports[`<Logo /> render correctly Loader component 1`] = `ShallowWrapper {}`;
